C:/Git_repository/FP-AI-VISION1/FP-AI-VISION1_V3.1.0(official)/Projects/STM32H747I-DISCO/Applications/PersonDetection/MobileNetv2_Model/CM7/Src/stm32h7xx_hal_msp.c:29:6:HAL_MspInit	0	static
C:/Git_repository/FP-AI-VISION1/FP-AI-VISION1_V3.1.0(official)/Projects/STM32H747I-DISCO/Applications/PersonDetection/MobileNetv2_Model/CM7/Src/stm32h7xx_hal_msp.c:36:6:HAL_MspDeInit	0	static
C:/Git_repository/FP-AI-VISION1/FP-AI-VISION1_V3.1.0(official)/Projects/STM32H747I-DISCO/Applications/PersonDetection/MobileNetv2_Model/CM7/Src/stm32h7xx_hal_msp.c:45:6:HAL_RNG_MspInit	208	static
C:/Git_repository/FP-AI-VISION1/FP-AI-VISION1_V3.1.0(official)/Projects/STM32H747I-DISCO/Applications/PersonDetection/MobileNetv2_Model/CM7/Src/stm32h7xx_hal_msp.c:65:6:HAL_RNG_MspDeInit	0	static
C:/Git_repository/FP-AI-VISION1/FP-AI-VISION1_V3.1.0(official)/Projects/STM32H747I-DISCO/Applications/PersonDetection/MobileNetv2_Model/CM7/Src/stm32h7xx_hal_msp.c:84:6:HAL_UART_MspInit	272	static
C:/Git_repository/FP-AI-VISION1/FP-AI-VISION1_V3.1.0(official)/Projects/STM32H747I-DISCO/Applications/PersonDetection/MobileNetv2_Model/CM7/Src/stm32h7xx_hal_msp.c:188:6:HAL_UART_MspDeInit	8	static
