C:/Git_repository/FP-AI-VISION1/FP-AI-VISION1_V3.1.0(official)/Middlewares/Third_Party/FatFs/src/diskio.c:36:9:disk_status	0	static
C:/Git_repository/FP-AI-VISION1/FP-AI-VISION1_V3.1.0(official)/Middlewares/Third_Party/FatFs/src/diskio.c:51:9:disk_initialize	0	static
C:/Git_repository/FP-AI-VISION1/FP-AI-VISION1_V3.1.0(official)/Middlewares/Third_Party/FatFs/src/diskio.c:73:9:disk_read	8	static
C:/Git_repository/FP-AI-VISION1/FP-AI-VISION1_V3.1.0(official)/Middlewares/Third_Party/FatFs/src/diskio.c:95:9:disk_write	8	static
C:/Git_repository/FP-AI-VISION1/FP-AI-VISION1_V3.1.0(official)/Middlewares/Third_Party/FatFs/src/diskio.c:117:9:disk_ioctl	0	static
C:/Git_repository/FP-AI-VISION1/FP-AI-VISION1_V3.1.0(official)/Middlewares/Third_Party/FatFs/src/diskio.c:135:14:get_fattime	0	static
